// Jest Snapshot v1, https://goo.gl/fbAQLP

exports[`<MultipleOptions /> renders correctly 1`] = `
<View
  style={
    Array [
      Object {
        "flexShrink": 1,
      },
      Object {
        "width": 240,
      },
    ]
  }
>
  <RCTScrollView
    data={
      Array [
        Object {
          "id": "opt1",
          "name": "",
        },
      ]
    }
    getItem={[Function]}
    getItemCount={[Function]}
    keyExtractor={[Function]}
    onContentSizeChange={[Function]}
    onLayout={[Function]}
    onMomentumScrollBegin={[Function]}
    onMomentumScrollEnd={[Function]}
    onScroll={[Function]}
    onScrollBeginDrag={[Function]}
    onScrollEndDrag={[Function]}
    removeClippedSubviews={false}
    renderItem={[Function]}
    scrollEventThrottle={50}
    stickyHeaderIndices={Array []}
    viewabilityConfigCallbackPairs={Array []}
  >
    <View>
      <View
        onLayout={[Function]}
        style={null}
      >
        <View
          accessible={true}
          collapsable={false}
          focusable={true}
          onBlur={[Function]}
          onClick={[Function]}
          onFocus={[Function]}
          onResponderGrant={[Function]}
          onResponderMove={[Function]}
          onResponderRelease={[Function]}
          onResponderTerminate={[Function]}
          onResponderTerminationRequest={[Function]}
          onStartShouldSetResponder={[Function]}
          style={
            Array [
              Object {
                "backgroundColor": "#0ea5e9",
              },
              Object {
                "paddingBottom": 8,
                "paddingTop": 8,
              },
              Object {
                "paddingLeft": 16,
                "paddingRight": 16,
              },
              Object {
                "borderBottomLeftRadius": 4,
                "borderBottomRightRadius": 4,
                "borderTopLeftRadius": 4,
                "borderTopRightRadius": 4,
              },
              Object {
                "marginTop": 16,
              },
              Object {
                "opacity": 0.7,
              },
            ]
          }
        >
          <Text
            style={
              Array [
                Object {
                  "fontSize": 20,
                  "lineHeight": 28,
                },
                Object {
                  "color": "#fff",
                },
                Object {
                  "fontWeight": "700",
                },
              ]
            }
          />
        </View>
      </View>
    </View>
  </RCTScrollView>
</View>
`;
